MO ControlUnit NULL ControlUnit.v vlg71/_control_unit.bin 1461681408
MO Cpu NULL Cpu.v vlg30/_cpu.bin 1461681408
MO DataSaver NULL DataSaver.v vlg6B/_data_saver.bin 1461681408
MO RegisterFile NULL RegisterFile.v vlg69/_register_file.bin 1461681408
MO NextPc NULL NextPc.v vlg1A/_next_pc.bin 1461681408
MO Extend NULL Extend.v vlg4C/_extend.bin 1461681408
MO PC NULL PC.v vlg53/_p_c.bin 1461681408
MO InstructionSave NULL InstructionSave.v vlg5D/_instruction_save.bin 1461681408
MO ALU NULL ALU.v vlg2A/_a_l_u.bin 1461681408
